// Jest Snapshot v1, https://goo.gl/fbAQLP

exports[`Navbar should render 1`] = `
<div
  className="Navbar"
>
  <div
    className="brand"
  >
    <Link
      to="/"
    >
      <img
        alt="Logo"
        src="pokemon_logo.png"
      />
    </Link>
  </div>
  <div
    className="menulist"
  >
    <ul>
      <li>
        <NavLink
          activeClassName="active"
          to="/news"
        >
          News
        </NavLink>
      </li>
      <li>
        <NavLink
          activeClassName="active"
          to="/contacts"
        >
          Contacts
        </NavLink>
      </li>
    </ul>
  </div>
</div>
`;
